// Jest Snapshot v1, https://goo.gl/fbAQLP

exports[`Component tests Componente n√£o alterado 1`] = `
"<div class=\\"f-popover\\">
  <f-tooltip-stub label=\\"Button\\" position=\\"top\\" aligned=\\"center\\" size=\\"default\\" color=\\"default\\" bgcolor=\\"black\\" textcolor=\\"white\\" showevent=\\"mouseover\\" hideevent=\\"mouseleave\\" class=\\"teste\\"></f-tooltip-stub>
</div>"
`;
