// Jest Snapshot v1, https://goo.gl/fbAQLP

exports[`FTag tests Componente n√£o alterado 1`] = `
"<div class=\\"FTag\\">
  <div class=\\"FTag__fieldset\\" style=\\"color: rgb(127, 127, 127);\\">
    <div class=\\"FTag__legend\\" style=\\"background-color: white; visibility: hidden;\\">
      Empresa
    </div>
    <div class=\\"FTag__slot-div\\" style=\\"border-color: #c1c1c1; min-width: 10px;\\">
      <f-icon-stub color=\\"purple\\" lib=\\"material\\" size=\\"base\\" name=\\"dashboard\\" class=\\"FTag__icon\\"></f-icon-stub>
      <div class=\\"FTag__text\\">
        Flux Services
      </div>
    </div>
  </div>
</div>"
`;
