// Jest Snapshot v1, https://goo.gl/fbAQLP

exports[`FAccordion tests Componente n√£o alterado 1`] = `
"<div class=\\"BasicAccordion\\">
  <div class=\\"BasicAccordion__header\\">
    <p class=\\"BasicAccordion__header__p\\">
      Test
    </p>
    <div class=\\"BasicAccordion__header__info\\">
      <!---->
    </div>
    <f-icon-stub color=\\"black\\" lib=\\"flux\\" size=\\"lg\\" name=\\"chevron-up\\" clickable=\\"true\\" type=\\"outlined\\" class=\\"BasicAccordion__header__icon\\"></f-icon-stub>
  </div>
  <div class=\\"BasicAccordion__content\\">
    <div class=\\"BasicAccordion__content__inner\\"></div>
  </div>
</div>"
`;
