// Jest Snapshot v1, https://goo.gl/fbAQLP

exports[`FPaginantion tests Componente não alterado 1`] = `
"<section class=\\"FPagination\\">
  <div class=\\"FPagination__sectionPrevious\\"><button disabled=\\"disabled\\" class=\\"FPagination__sectionBtn\\">
      Primeira
    </button> <button disabled=\\"disabled\\" class=\\"FPagination__sectionBtn\\">
      <f-icon-stub color=\\"gray-300\\" lib=\\"flux\\" size=\\"base\\" name=\\"chevron-left\\"></f-icon-stub>
    </button></div>
  <ul class=\\"FPagination__ul\\">
    <li class=\\"FPagination__li\\"><button class=\\"FPagination__pageBtn FPagination__pageBtn--selected\\">
        1
      </button></li>
    <li class=\\"FPagination__li\\"><button class=\\"FPagination__pageBtn\\">
        2
      </button></li>
    <li class=\\"FPagination__li\\"><button class=\\"FPagination__pageBtn\\">
        3
      </button></li>
    <li class=\\"FPagination__li\\"><button class=\\"FPagination__pageBtn\\">
        4
      </button></li>
    <li class=\\"FPagination__li\\"><button class=\\"FPagination__pageBtn\\">
        5
      </button></li>
    <li class=\\"FPagination__li\\"><button class=\\"FPagination__pageBtn\\">
        6
      </button></li>
    <li class=\\"FPagination__li\\"><button class=\\"FPagination__pageBtn\\">
        7
      </button></li>
    <li class=\\"FPagination__li\\"><button class=\\"FPagination__pageBtn\\">
        8
      </button></li>
    <li class=\\"FPagination__li\\"><button class=\\"FPagination__pageBtn\\">
        9
      </button></li>
    <li class=\\"FPagination__li\\"><button class=\\"FPagination__pageBtn\\">
        10
      </button></li>
  </ul>
  <div class=\\"FPagination__sectionNext\\"><button class=\\"FPagination__sectionBtn\\">
      <f-icon-stub color=\\"gray\\" lib=\\"flux\\" size=\\"base\\" name=\\"chevron-right\\"></f-icon-stub>
    </button> <button class=\\"FPagination__sectionBtn\\">
      Última
    </button></div>
</section>"
`;
